23:35:38.365 [main] INFO  com.safeZone.App - Приложение запущено. Лог-файл: logs/app_2026-09-22_20-35-38.284665.log
23:35:38.419 [main] INFO  com.safeZone.util.JsonReader - Чтение JSON из ресурса: config.json
23:35:38.419 [main] INFO  com.safeZone.util.JsonReader - Чтение завершено.
23:35:38.441 [main] INFO  com.safeZone.util.JsonReader - Чтение JSON из ресурса: config.json
23:35:38.441 [main] INFO  com.safeZone.util.JsonReader - Чтение завершено.
23:35:38.442 [main] INFO  com.safeZone.util.DBUtils - DBUtils инициализирован для localhost:5432
23:35:38.484 [main] ERROR com.safeZone.util.DBHelper - Ошибка подключения к БД: FATAL: database "safe_zone" does not exist
org.postgresql.util.PSQLException: FATAL: database "safe_zone" does not exist
	at org.postgresql.core.v3.QueryExecutorImpl.receiveErrorResponse(QueryExecutorImpl.java:2725)
	at org.postgresql.core.v3.QueryExecutorImpl.readStartupMessages(QueryExecutorImpl.java:2837)
	at org.postgresql.core.v3.QueryExecutorImpl.<init>(QueryExecutorImpl.java:175)
	at org.postgresql.core.v3.ConnectionFactoryImpl.openConnectionImpl(ConnectionFactoryImpl.java:317)
	at org.postgresql.core.ConnectionFactory.openConnection(ConnectionFactory.java:54)
	at org.postgresql.jdbc.PgConnection.<init>(PgConnection.java:273)
	at org.postgresql.Driver.makeConnection(Driver.java:446)
	at org.postgresql.Driver.connect(Driver.java:298)
	at java.sql/java.sql.DriverManager.getConnection(DriverManager.java:613)
	at java.sql/java.sql.DriverManager.getConnection(DriverManager.java:199)
	at com.safeZone.util.DBUtils.getConnection(DBUtils.java:40)
	at com.safeZone.util.DBHelper.checkDBConnection(DBHelper.java:27)
	at com.safeZone.App.main(App.java:60)
23:35:38.485 [main] ERROR com.safeZone.App - FAILED CONNECTION DB
23:35:38.546 [main] ERROR com.safeZone.App - GUI START ERROR: 
java.lang.IllegalArgumentException: Unknown color definition "blacks"
	at com.googlecode.lanterna.TextColor$Factory.fromString(TextColor.java:695)
	at com.googlecode.lanterna.graphics.AbstractTheme$ThemeTreeNode.parseValue(AbstractTheme.java:440)
	at com.googlecode.lanterna.graphics.AbstractTheme$ThemeTreeNode.apply(AbstractTheme.java:413)
	at com.googlecode.lanterna.graphics.AbstractTheme$ThemeTreeNode.access$300(AbstractTheme.java:375)
	at com.googlecode.lanterna.graphics.AbstractTheme.addStyle(AbstractTheme.java:80)
	at com.googlecode.lanterna.graphics.PropertyTheme.<init>(PropertyTheme.java:71)
	at com.safeZone.views.ThemeGUI.build(ThemeGUI.java:25)
	at com.safeZone.views.AuthMenu.start(AuthMenu.java:54)
	at com.safeZone.App.main(App.java:67)
Caused by: java.lang.IllegalArgumentException: No enum constant com.googlecode.lanterna.TextColor.ANSI.BLACKS
	at java.base/java.lang.Enum.valueOf(Enum.java:293)
	at com.googlecode.lanterna.TextColor$ANSI.valueOf(TextColor.java:80)
	at com.googlecode.lanterna.TextColor$Factory.fromString(TextColor.java:692)
	... 8 common frames omitted
